// Jest Snapshot v1, https://goo.gl/fbAQLP

exports[`<Button /> should render the small size by default 1`] = `
.c0 {
  -webkit-text-decoration: none;
  text-decoration: none;
  background-color: transparent;
  text-transform: uppercase;
  -webkit-letter-spacing: 0.1rem;
  -moz-letter-spacing: 0.1rem;
  -ms-letter-spacing: 0.1rem;
  letter-spacing: 0.1rem;
  border: none;
  font-size: 1.4rem;
  font-weight: 500;
  line-height: 2.4rem;
  cursor: pointer;
  height: 3.2rem;
  padding: 0.8rem 1.6rem;
  background-color: #f58031;
  color: #fff;
  border: 0;
  border-radius: 0.4rem;
  display: -webkit-inline-box;
  display: -webkit-inline-flex;
  display: -ms-inline-flexbox;
  display: inline-flex;
  -webkit-align-items: center;
  -webkit-box-align: center;
  -ms-flex-align: center;
  align-items: center;
  -webkit-box-pack: center;
  -webkit-justify-content: center;
  -ms-flex-pack: center;
  justify-content: center;
  cursor: pointer;
}

<button
  class="c0"
>
  Click me
</button>
`;
